// Jest Snapshot v1, https://goo.gl/fbAQLP

exports[`App renders correctly 1`] = `
<DocumentFragment>
  <div
    class="app-container"
  >
    <div
      class="title-component"
    >
      <button
        type="button"
      >
        enter
        <br />
        (warning flashing images)
      </button>
    </div>
  </div>
</DocumentFragment>
`;
